I'm sorry, but errors were detected in your script. Please correct the
errors listed below, and try again.


File "game/script.rpy", line 29: expected statement.
    r in "Here we are. On Ganymede. In the middle of nowhere. Far away from the city, as you wanted."
      ^

Ren'Py Version: Ren'Py 7.3.5.606
Fri May 22 18:20:07 2020
